[    0.000000] Linux version 4.15.0-212-generic (buildd@lcy02-amd64-083) (gcc version 7.5.0 (Ubuntu 7.5.0-3ubuntu1~18.04)) #223-Ubuntu SMP Tue May 23 13:09:22 UTC 2023 (Ubuntu 4.15.0-212.223-generic 4.15.18)
[    0.000000] Command line: BOOT_IMAGE=/boot/vmlinuz-4.15.0-212-generic root=LABEL=cloudimg-rootfs ro console=tty1 console=ttyS0
[    0.000000] KERNEL supported cpus:
[    0.000000]   Intel GenuineIntel
[    0.000000]   AMD AuthenticAMD
[    0.000000]   Centaur CentaurHauls
[    0.000000] x86/fpu: Supporting XSAVE feature 0x001: 'x87 floating point registers'
[    0.000000] x86/fpu: Supporting XSAVE feature 0x002: 'SSE registers'
[    0.000000] x86/fpu: Enabled xstate features 0x3, context size is 576 bytes, using 'standard' format.
[    0.000000] e820: BIOS-provided physical RAM map:
[    0.000000] BIOS-e820: [mem 0x0000000000000000-0x000000000009fbff] usable
[    0.000000] BIOS-e820: [mem 0x000000000009fc00-0x000000000009ffff] reserved
[    0.000000] BIOS-e820: [mem 0x00000000000f0000-0x00000000000fffff] reserved
[    0.000000] BIOS-e820: [mem 0x0000000000100000-0x000000007ffeffff] usable
[    0.000000] BIOS-e820: [mem 0x000000007fff0000-0x000000007fffffff] ACPI data
[    0.000000] BIOS-e820: [mem 0x00000000fec00000-0x00000000fec00fff] reserved
[    0.000000] BIOS-e820: [mem 0x00000000fee00000-0x00000000fee00fff] reserved
[    0.000000] BIOS-e820: [mem 0x00000000fffc0000-0x00000000ffffffff] reserved
[    0.000000] NX (Execute Disable) protection: active
[    0.000000] SMBIOS 2.5 present.
[    0.000000] DMI: innotek GmbH VirtualBox/VirtualBox, BIOS VirtualBox 12/01/2006
[    0.000000] Hypervisor detected: KVM
[    0.000000] e820: last_pfn = 0x7fff0 max_arch_pfn = 0x400000000
[    0.000000] MTRR: Disabled
[    0.000000] x86/PAT: MTRRs disabled, skipping PAT initialization too.
[    0.000000] CPU MTRRs all blank - virtualized system.
[    0.000000] x86/PAT: Configuration [0-7]: WB  WT  UC- UC  WB  WT  UC- UC  
[    0.000000] found SMP MP-table at [mem 0x0009fff0-0x0009ffff]
[    0.000000] Scanning 1 areas for low memory corruption
[    0.000000] RAMDISK: [mem 0x359cb000-0x36cdcfff]
[    0.000000] ACPI: Early table checksum verification disabled
[    0.000000] ACPI: RSDP 0x00000000000E0000 000024 (v02 VBOX  )
[    0.000000] ACPI: XSDT 0x000000007FFF0030 00003C (v01 VBOX   VBOXXSDT 00000001 ASL  00000061)
[    0.000000] ACPI: FACP 0x000000007FFF00F0 0000F4 (v04 VBOX   VBOXFACP 00000001 ASL  00000061)
[    0.000000] ACPI: DSDT 0x000000007FFF0610 002353 (v02 VBOX   VBOXBIOS 00000002 INTL 20200925)
[    0.000000] ACPI: FACS 0x000000007FFF0200 000040
[    0.000000] ACPI: FACS 0x000000007FFF0200 000040
[    0.000000] ACPI: APIC 0x000000007FFF0240 00005C (v02 VBOX   VBOXAPIC 00000001 ASL  00000061)
[    0.000000] ACPI: SSDT 0x000000007FFF02A0 00036C (v01 VBOX   VBOXCPUT 00000002 INTL 20200925)
[    0.000000] ACPI: Reserving FACP table memory at [mem 0x7fff00f0-0x7fff01e3]
[    0.000000] ACPI: Reserving DSDT table memory at [mem 0x7fff0610-0x7fff2962]
[    0.000000] ACPI: Reserving FACS table memory at [mem 0x7fff0200-0x7fff023f]
[    0.000000] ACPI: Reserving FACS table memory at [mem 0x7fff0200-0x7fff023f]
[    0.000000] ACPI: Reserving APIC table memory at [mem 0x7fff0240-0x7fff029b]
[    0.000000] ACPI: Reserving SSDT table memory at [mem 0x7fff02a0-0x7fff060b]
[    0.000000] No NUMA configuration found
[    0.000000] Faking a node at [mem 0x0000000000000000-0x000000007ffeffff]
[    0.000000] NODE_DATA(0) allocated [mem 0x7ffc5000-0x7ffeffff]
[    0.000000] kvm-clock: cpu 0, msr 0:7ff44001, primary cpu clock
[    0.000000] kvm-clock: Using msrs 4b564d01 and 4b564d00
[    0.000000] kvm-clock: using sched offset of 3264532527 cycles
[    0.000000] clocksource: kvm-clock: mask: 0xffffffffffffffff max_cycles: 0x1cd42e4dffb, max_idle_ns: 881590591483 ns
[    0.000000] Zone ranges:
[    0.000000]   DMA      [mem 0x0000000000001000-0x0000000000ffffff]
[    0.000000]   DMA32    [mem 0x0000000001000000-0x000000007ffeffff]
[    0.000000]   Normal   empty
[    0.000000]   Device   empty
[    0.000000] Movable zone start for each node
[    0.000000] Early memory node ranges
[    0.000000]   node   0: [mem 0x0000000000001000-0x000000000009efff]
[    0.000000]   node   0: [mem 0x0000000000100000-0x000000007ffeffff]
[    0.000000] Reserved but unavailable: 104 pages
[    0.000000] Initmem setup node 0 [mem 0x0000000000001000-0x000000007ffeffff]
[    0.000000] ACPI: PM-Timer IO Port: 0x4008
[    0.000000] IOAPIC[0]: apic_id 2, version 32, address 0xfec00000, GSI 0-23
[    0.000000] ACPI: INT_SRC_OVR (bus 0 bus_irq 0 global_irq 2 dfl dfl)
[    0.000000] ACPI: INT_SRC_OVR (bus 0 bus_irq 9 global_irq 9 low level)
[    0.000000] Using ACPI (MADT) for SMP configuration information
[    0.000000] smpboot: Allowing 2 CPUs, 0 hotplug CPUs
[    0.000000] PM: Registered nosave memory: [mem 0x00000000-0x00000fff]
[    0.000000] PM: Registered nosave memory: [mem 0x0009f000-0x0009ffff]
[    0.000000] PM: Registered nosave memory: [mem 0x000a0000-0x000effff]
[    0.000000] PM: Registered nosave memory: [mem 0x000f0000-0x000fffff]
[    0.000000] e820: [mem 0x80000000-0xfebfffff] available for PCI devices
[    0.000000] Booting paravirtualized kernel on KVM
[    0.000000] clocksource: refined-jiffies: mask: 0xffffffff max_cycles: 0xffffffff, max_idle_ns: 7645519600211568 ns
[    0.000000] setup_percpu: NR_CPUS:8192 nr_cpumask_bits:2 nr_cpu_ids:2 nr_node_ids:1
[    0.000000] percpu: Embedded 50 pages/cpu s167936 r8192 d28672 u1048576
[    0.000000] PV qspinlock hash table entries: 256 (order: 0, 4096 bytes)
[    0.000000] Built 1 zonelists, mobility grouping on.  Total pages: 515961
[    0.000000] Policy zone: DMA32
[    0.000000] Kernel command line: BOOT_IMAGE=/boot/vmlinuz-4.15.0-212-generic root=LABEL=cloudimg-rootfs ro console=tty1 console=ttyS0
[    0.000000] Memory: 2014836K/2096696K available (12300K kernel code, 2477K rwdata, 4324K rodata, 2480K init, 2720K bss, 81860K reserved, 0K cma-reserved)
[    0.000000] SLUB: HWalign=64, Order=0-3, MinObjects=0, CPUs=2, Nodes=1
[    0.000000] Kernel/User page tables isolation: enabled
[    0.000000] ftrace: allocating 39508 entries in 155 pages
[    0.004000] Hierarchical RCU implementation.
[    0.004000] 	RCU restricting CPUs from NR_CPUS=8192 to nr_cpu_ids=2.
[    0.004000] 	Tasks RCU enabled.
[    0.004000] RCU: Adjusting geometry for rcu_fanout_leaf=16, nr_cpu_ids=2
[    0.004000] NR_IRQS: 524544, nr_irqs: 440, preallocated irqs: 16
[    0.004000] Console: colour VGA+ 80x25
[    0.004000] console [tty1] enabled
[    0.004000] console [ttyS0] enabled
[    0.004000] ACPI: Core revision 20170831
[    0.004000] ACPI: 2 ACPI AML tables successfully acquired and loaded
[    0.004000] APIC: Switch to symmetric I/O mode setup
[    0.004000] x2apic enabled
[    0.004000] Switched APIC routing to physical x2apic.
[    0.004000] ..TIMER: vector=0x30 apic1=0 pin1=2 apic2=-1 pin2=-1
[    0.004000] tsc: Detected 2793.502 MHz processor
[    0.004000] Calibrating delay loop (skipped) preset value.. 5587.00 BogoMIPS (lpj=11174008)
[    0.004000] pid_max: default: 32768 minimum: 301
[    0.004000] Security Framework initialized
[    0.004000] Yama: becoming mindful.
[    0.004000] AppArmor: AppArmor initialized
[    0.004611] Dentry cache hash table entries: 262144 (order: 9, 2097152 bytes)
[    0.008000] Inode-cache hash table entries: 131072 (order: 8, 1048576 bytes)
[    0.008000] Mount-cache hash table entries: 4096 (order: 3, 32768 bytes)
[    0.008000] Mountpoint-cache hash table entries: 4096 (order: 3, 32768 bytes)
[    0.008000] Last level iTLB entries: 4KB 512, 2MB 8, 4MB 8
[    0.008000] Last level dTLB entries: 4KB 512, 2MB 32, 4MB 32, 1GB 0
[    0.008000] Spectre V1 : Mitigation: usercopy/swapgs barriers and __user pointer sanitization
[    0.008000] Spectre V2 : Mitigation: Retpolines
[    0.008000] Spectre V2 : Spectre v2 / SpectreRSB mitigation: Filling RSB on context switch
[    0.008000] Spectre V2 : Spectre v2 / SpectreRSB : Filling RSB on VMEXIT
[    0.008000] Speculative Store Bypass: Vulnerable
[    0.008000] MDS: Mitigation: Clear CPU buffers
[    0.008000] MMIO Stale Data: Unknown: No mitigations
[    0.008000] Freeing SMP alternatives memory: 36K
[    0.128024] APIC calibration not consistent with PM-Timer: 112ms instead of 100ms
[    0.129574] APIC delta adjusted to PM-Timer: 6694600 (7520966)
[    0.132082] smpboot: CPU0: Intel(R) Pentium(R) CPU G2010 @ 2.80GHz (family: 0x6, model: 0x3a, stepping: 0x9)
[    0.140175] Performance Events: unsupported p6 CPU model 58 no PMU driver, software events only.
[    0.144000] Hierarchical SRCU implementation.
[    0.144644] NMI watchdog: Perf event create on CPU 0 failed with -2
[    0.152070] NMI watchdog: Perf NMI watchdog permanently disabled
[    0.156330] smp: Bringing up secondary CPUs ...
[    0.158827] x86: Booting SMP configuration:
[    0.160015] .... node  #0, CPUs:      #1
[    0.004000] kvm-clock: cpu 1, msr 0:7ff44041, secondary cpu clock
[    0.172202] smp: Brought up 1 node, 2 CPUs
[    0.174538] smpboot: Max logical packages: 1
[    0.175792] smpboot: Total of 2 processors activated (11174.00 BogoMIPS)
[    0.180575] devtmpfs: initialized
[    0.181741] x86/mm: Memory block size: 128MB
[    0.184000] evm: security.selinux
[    0.184019] evm: security.SMACK64
[    0.188018] evm: security.SMACK64EXEC
[    0.192013] evm: security.SMACK64TRANSMUTE
[    0.193076] evm: security.SMACK64MMAP
[    0.196218] evm: security.apparmor
[    0.200010] evm: security.ima
[    0.204009] evm: security.capability
[    0.208153] clocksource: jiffies: mask: 0xffffffff max_cycles: 0xffffffff, max_idle_ns: 7645041785100000 ns
[    0.212020] futex hash table entries: 512 (order: 3, 32768 bytes)
[    0.216066] pinctrl core: initialized pinctrl subsystem
[    0.218917] RTC time:  7:57:04, date: 12/05/24
[    0.224534] NET: Registered protocol family 16
[    0.227077] audit: initializing netlink subsys (disabled)
[    0.228061] audit: type=2000 audit(1733385429.142:1): state=initialized audit_enabled=0 res=1
[    0.232241] cpuidle: using governor ladder
[    0.233644] cpuidle: using governor menu
[    0.236079] ACPI: bus type PCI registered
[    0.237169] acpiphp: ACPI Hot Plug PCI Controller Driver version: 0.5
[    0.240158] PCI: Using configuration type 1 for base access
[    0.248231] HugeTLB registered 2.00 MiB page size, pre-allocated 0 pages
[    0.252895] ACPI: Added _OSI(Module Device)
[    0.254158] ACPI: Added _OSI(Processor Device)
[    0.255426] ACPI: Added _OSI(3.0 _SCP Extensions)
[    0.256016] ACPI: Added _OSI(Processor Aggregator Device)
[    0.257551] ACPI: Added _OSI(Linux-Dell-Video)
[    0.260005] ACPI: Added _OSI(Linux-Lenovo-NV-HDMI-Audio)
[    0.264009] ACPI: Added _OSI(Linux-HPI-Hybrid-Graphics)
[    0.267178] ACPI: Executed 1 blocks of module-level executable AML code
[    0.276519] ACPI: Interpreter enabled
[    0.279169] ACPI: (supports S0 S5)
[    0.280005] ACPI: Using IOAPIC for interrupt routing
[    0.284340] PCI: Using host bridge windows from ACPI; if necessary, use "pci=nocrs" and report a bug
[    0.288227] ACPI: Enabled 2 GPEs in block 00 to 07
[    0.301043] ACPI: PCI Root Bridge [PCI0] (domain 0000 [bus 00-ff])
[    0.304000] acpi PNP0A03:00: _OSC: OS supports [ASPM ClockPM Segments MSI]
[    0.304620] acpi PNP0A03:00: _OSC: not requesting OS control; OS requires [ExtendedConfig ASPM ClockPM MSI]
[    0.308029] acpi PNP0A03:00: fail to add MMCONFIG information, can't access extended PCI configuration space under this bridge.
[    0.312521] PCI host bridge to bus 0000:00
[    0.316012] pci_bus 0000:00: root bus resource [io  0x0000-0x0cf7 window]
[    0.320013] pci_bus 0000:00: root bus resource [io  0x0d00-0xffff window]
[    0.324011] pci_bus 0000:00: root bus resource [mem 0x000a0000-0x000bffff window]
[    0.328012] pci_bus 0000:00: root bus resource [mem 0x80000000-0xfdffffff window]
[    0.332012] pci_bus 0000:00: root bus resource [bus 00-ff]
[    0.341121] pci 0000:00:01.1: legacy IDE quirk: reg 0x10: [io  0x01f0-0x01f7]
[    0.344008] pci 0000:00:01.1: legacy IDE quirk: reg 0x14: [io  0x03f6]
[    0.348005] pci 0000:00:01.1: legacy IDE quirk: reg 0x18: [io  0x0170-0x0177]
[    0.350430] pci 0000:00:01.1: legacy IDE quirk: reg 0x1c: [io  0x0376]
[    0.414696] pci 0000:00:07.0: quirk: [io  0x4000-0x403f] claimed by PIIX4 ACPI
[    0.416028] pci 0000:00:07.0: quirk: [io  0x4100-0x410f] claimed by PIIX4 SMB
[    0.480215] ACPI: PCI Interrupt Link [LNKA] (IRQs 5 9 10 *11)
[    0.482394] ACPI: PCI Interrupt Link [LNKB] (IRQs 5 9 *10 11)
[    0.484162] ACPI: PCI Interrupt Link [LNKC] (IRQs 5 *9 10 11)
[    0.486891] ACPI: PCI Interrupt Link [LNKD] (IRQs 5 9 10 *11)
[    0.488544] SCSI subsystem initialized
[    0.490364] pci 0000:00:02.0: vgaarb: setting as boot VGA device
[    0.492000] pci 0000:00:02.0: vgaarb: VGA device added: decodes=io+mem,owns=io+mem,locks=none
[    0.492014] pci 0000:00:02.0: vgaarb: bridge control possible
[    0.496004] vgaarb: loaded
[    0.497596] ACPI: bus type USB registered
[    0.498600] usbcore: registered new interface driver usbfs
[    0.500048] usbcore: registered new interface driver hub
[    0.504033] usbcore: registered new device driver usb
[    0.508013] EDAC MC: Ver: 3.0.0
[    0.509287] PCI: Using ACPI for IRQ routing
[    0.510194] NetLabel: Initializing
[    0.512004] NetLabel:  domain hash size = 128
[    0.513986] NetLabel:  protocols = UNLABELED CIPSOv4 CALIPSO
[    0.516059] NetLabel:  unlabeled traffic allowed by default
[    0.520817] clocksource: Switched to clocksource kvm-clock
[    0.532265] VFS: Disk quotas dquot_6.6.0
[    0.532265] VFS: Dquot-cache hash table entries: 512 (order 0, 4096 bytes)
[    0.532265] AppArmor: AppArmor Filesystem Enabled
[    0.532265] pnp: PnP ACPI init
[    0.532265] pnp: PnP ACPI: found 3 devices
[    0.567151] clocksource: acpi_pm: mask: 0xffffff max_cycles: 0xffffff, max_idle_ns: 2085701024 ns
[    0.572976] NET: Registered protocol family 2
[    0.574615] IP idents hash table entries: 32768 (order: 6, 262144 bytes)
[    0.576857] TCP established hash table entries: 16384 (order: 5, 131072 bytes)
[    0.581328] TCP bind hash table entries: 16384 (order: 6, 262144 bytes)
[    0.584233] TCP: Hash tables configured (established 16384 bind 16384)
[    0.587069] UDP hash table entries: 1024 (order: 3, 32768 bytes)
[    0.588011] UDP-Lite hash table entries: 1024 (order: 3, 32768 bytes)
[    0.588011] NET: Registered protocol family 1
[    0.588011] pci 0000:00:00.0: Limiting direct PCI/PCI transfers
[    0.588011] pci 0000:00:01.0: Activating ISA DMA hang workarounds
[    0.588011] pci 0000:00:02.0: Video device with shadowed ROM at [mem 0x000c0000-0x000dffff]
[    0.588011] Unpacking initramfs...
[    0.936634] Freeing initrd memory: 19528K
[    0.937698] clocksource: tsc: mask: 0xffffffffffffffff max_cycles: 0x28444606952, max_idle_ns: 440795218471 ns
[    0.939499] platform rtc_cmos: registered platform RTC device (no PNP device found)
[    0.940930] Scanning for low memory corruption every 60 seconds
[    0.943053] Initialise system trusted keyrings
[    0.943892] Key type blacklist registered
[    0.945661] workingset: timestamp_bits=36 max_order=19 bucket_order=0
[    0.948338] zbud: loaded
[    0.949441] squashfs: version 4.0 (2009/01/31) Phillip Lougher
[    0.950686] fuse init (API version 7.26)
[    0.953718] Key type asymmetric registered
[    0.954470] Asymmetric key parser 'x509' registered
[    0.955358] Block layer SCSI generic (bsg) driver version 0.4 loaded (major 246)
[    0.956855] io scheduler noop registered
[    0.957586] io scheduler deadline registered
[    0.958400] io scheduler cfq registered (default)
[    0.959546] ACPI: AC Adapter [AC] (on-line)
[    0.960375] input: Power Button as /devices/LNXSYSTM:00/LNXPWRBN:00/input/input0
[    0.961739] ACPI: Power Button [PWRF]
[    0.962484] input: Sleep Button as /devices/LNXSYSTM:00/LNXSLPBN:00/input/input1
[    0.963933] ACPI: Sleep Button [SLPF]
[    0.965013] Serial: 8250/16550 driver, 32 ports, IRQ sharing enabled
[    0.986815] 00:02: ttyS0 at I/O 0x3f8 (irq = 4, base_baud = 115200) is a 16550A
[    0.991459] Linux agpgart interface v0.103
[    0.993959] loop: module loaded
[    0.995351] scsi host0: ata_piix
[    0.996121] scsi host1: ata_piix
[    0.996883] ata1: PATA max UDMA/33 cmd 0x1f0 ctl 0x3f6 bmdma 0xd000 irq 14
[    0.998091] ata2: PATA max UDMA/33 cmd 0x170 ctl 0x376 bmdma 0xd008 irq 15
[    0.999336] tun: Universal TUN/TAP device driver, 1.6
[    1.000682] PPP generic driver version 2.4.2
[    1.001520] ehci_hcd: USB 2.0 'Enhanced' Host Controller (EHCI) Driver
[    1.002728] ehci-pci: EHCI PCI platform driver
[    1.003561] ehci-platform: EHCI generic platform driver
[    1.004502] ohci_hcd: USB 1.1 'Open' Host Controller (OHCI) Driver
[    1.005560] ohci-pci: OHCI PCI platform driver
[    1.006351] ohci-platform: OHCI generic platform driver
[    1.007262] uhci_hcd: USB Universal Host Controller Interface driver
[    1.008418] i8042: PNP: PS/2 Controller [PNP0303:PS2K,PNP0f03:PS2M] at 0x60,0x64 irq 1,12
[    1.010296] serio: i8042 KBD port at 0x60,0x64 irq 1
[    1.011210] serio: i8042 AUX port at 0x60,0x64 irq 12
[    1.012513] mousedev: PS/2 mouse device common for all mice
[    1.014029] input: AT Translated Set 2 keyboard as /devices/platform/i8042/serio0/input/input2
[    1.015738] rtc_cmos rtc_cmos: rtc core: registered rtc_cmos as rtc0
[    1.016965] rtc_cmos rtc_cmos: alarms up to one day, 114 bytes nvram
[    1.018079] i2c /dev entries driver
[    1.018786] device-mapper: uevent: version 1.0.3
[    1.019706] device-mapper: ioctl: 4.37.0-ioctl (2017-09-20) initialised: dm-devel@redhat.com
[    1.021257] ledtrig-cpu: registered to indicate activity on CPUs
[    1.022678] NET: Registered protocol family 10
[    1.030206] Segment Routing with IPv6
[    1.030980] NET: Registered protocol family 17
[    1.031859] Key type dns_resolver registered
[    1.033109] mce: Using 0 MCE banks
[    1.033777] RAS: Correctable Errors collector initialized.
[    1.034758] sched_clock: Marking stable (1033075675, 0)->(1448240322, -415164647)
[    1.037145] registered taskstats version 1
[    1.037910] Loading compiled-in X.509 certificates
[    1.041650] Loaded X.509 cert 'Build time autogenerated kernel key: b5b26778eaa3ab3a4a6cee031137706e947d12ad'
[    1.044132] Loaded X.509 cert 'Canonical Ltd. Live Patch Signing: 14df34d1a87cf37625abec039ef2bf521249b969'
[    1.046949] Loaded X.509 cert 'Canonical Ltd. Kernel Module Signing: 88f752e560a1e0737e31163a466ad7b70a850c19'
[    1.049275] blacklist: Loading compiled-in revocation X.509 certificates
[    1.050490] Loaded X.509 cert 'Canonical Ltd. Secure Boot Signing: 61482aa2830d0ab2ad5af10b7250da9033ddcef0'
[    1.052210] Loaded X.509 cert 'Canonical Ltd. Secure Boot Signing (2017): 242ade75ac4a15e50d50c84b0d45ff3eae707a03'
[    1.054190] Loaded X.509 cert 'Canonical Ltd. Secure Boot Signing (ESM 2018): 365188c1d374d6b07c3c8f240f8ef722433d6a8b'
[    1.056078] Loaded X.509 cert 'Canonical Ltd. Secure Boot Signing (2019): c0746fd6c5da3ae827864651ad66ae47fe24b3e8'
[    1.058036] Loaded X.509 cert 'Canonical Ltd. Secure Boot Signing (2021 v1): a8d54bbb3825cfb94fa13c9f8a594a195c107b8d'
[    1.060126] Loaded X.509 cert 'Canonical Ltd. Secure Boot Signing (2021 v2): 4cf046892d6fd3c9a5b03f98d845f90851dc6a8c'
[    1.062083] Loaded X.509 cert 'Canonical Ltd. Secure Boot Signing (2021 v3): 100437bb6de6e469b581e61cd66bce3ef4ed53af'
[    1.064633] Loaded X.509 cert 'Canonical Ltd. Secure Boot Signing (Ubuntu Core 2019): c1d57b8f6b743f23ee41f4f7ee292f06eecadfb9'
[    1.066602] zswap: loaded using pool lzo/zbud
[    1.072838] Key type big_key registered
[    1.073605] Key type trusted registered
[    1.076622] Key type encrypted registered
[    1.077383] AppArmor: AppArmor sha1 policy hashing enabled
[    1.078638] ima: No TPM chip found, activating TPM-bypass! (rc=-19)
[    1.079716] ima: Allocated hash algorithm: sha1
[    1.080626] evm: HMAC attrs: 0x1
[    1.081503]   Magic number: 4:595:975
[    1.082317] rtc_cmos rtc_cmos: setting system clock to 2024-12-05 07:57:05 UTC (1733385425)
[    1.083921] BIOS EDD facility v0.16 2004-Jun-25, 0 devices found
[    1.085056] EDD information not available.
[    1.189501] Freeing unused kernel image memory: 2480K
[    1.200376] Write protecting the kernel read-only data: 20480k
[    1.203518] Freeing unused kernel image memory: 2008K
[    1.205857] Freeing unused kernel image memory: 1820K
[    1.221212] x86/mm: Checked W+X mappings: passed, no W+X pages found.
[    1.223212] x86/mm: Checking user space page tables
[    1.241375] x86/mm: Checked W+X mappings: passed, no W+X pages found.
Loading, please wait...
starting version 237
[    1.391910] Fusion MPT base driver 3.04.20
[    1.398597] Copyright (c) 1999-2008 LSI Corporation
[    1.422930] e1000: Intel(R) PRO/1000 Network Driver - version 7.3.21-k8-NAPI
[    1.430703] e1000: Copyright (c) 1999-2006 Intel Corporation.
[    1.448539] Fusion MPT SPI Host driver 3.04.20
[    1.627999] input: ImExPS/2 Generic Explorer Mouse as /devices/platform/i8042/serio1/input/input4
[    1.825676] e1000 0000:00:03.0 eth0: (PCI:33MHz:32-bit) 02:3b:7b:b7:3b:2d
[    1.827194] e1000 0000:00:03.0 eth0: Intel(R) PRO/1000 Network Connection
[    2.214578] e1000 0000:00:08.0 eth1: (PCI:33MHz:32-bit) 08:00:27:92:f8:a9
[    2.216739] e1000 0000:00:08.0 eth1: Intel(R) PRO/1000 Network Connection
[    2.221679] e1000 0000:00:03.0 enp0s3: renamed from eth0
[    2.224195] mptbase: ioc0: Initiating bringup
[    2.233697] e1000 0000:00:08.0 enp0s8: renamed from eth1
[    2.337148] ioc0: LSI53C1030 A0: Capabilities={Initiator}
[    2.579419] scsi host2: ioc0: LSI53C1030 A0, FwRev=00000000h, Ports=1, MaxQ=256, IRQ=20
[    2.749552] scsi 2:0:0:0: Direct-Access     VBOX     HARDDISK         1.0  PQ: 0 ANSI: 5
[    2.784360] scsi target2:0:0: Beginning Domain Validation
[    2.789008] scsi target2:0:0: Domain Validation skipping write tests
[    2.791015] scsi target2:0:0: Ending Domain Validation
[    2.793073] scsi target2:0:0: asynchronous
[    2.795313] scsi 2:0:1:0: Direct-Access     VBOX     HARDDISK         1.0  PQ: 0 ANSI: 5
[    2.828382] scsi target2:0:1: Beginning Domain Validation
[    2.832963] scsi target2:0:1: Domain Validation skipping write tests
[    2.834928] scsi target2:0:1: Ending Domain Validation
[    2.836738] scsi target2:0:1: asynchronous
[    2.847565] sd 2:0:0:0: Attached scsi generic sg0 type 0
[    2.848575] sd 2:0:0:0: [sda] 83886080 512-byte logical blocks: (42.9 GB/40.0 GiB)
[    2.854335] sd 2:0:0:0: [sda] Write Protect is off
[    2.856689] sd 2:0:1:0: Attached scsi generic sg1 type 0
[    2.859066] sd 2:0:0:0: [sda] Incomplete mode parameter data
[    2.861058] sd 2:0:0:0: [sda] Assuming drive cache: write through
[    2.861088] sd 2:0:1:0: [sdb] 20480 512-byte logical blocks: (10.5 MB/10.0 MiB)
[    2.866976]  sda: sda1
[    2.872522] sd 2:0:1:0: [sdb] Write Protect is off
[    2.873272] sd 2:0:0:0: [sda] Attached SCSI disk
[    2.879134] sd 2:0:1:0: [sdb] Incomplete mode parameter data
[    2.880292] sd 2:0:1:0: [sdb] Assuming drive cache: write through
[    2.885263] sd 2:0:1:0: [sdb] Attached SCSI disk
Begin: Loading essential drivers ... [    4.519741] raid6: sse2x1   gen()  8785 MB/s
[    4.579883] raid6: sse2x1   xor()  7344 MB/s
[    4.640016] raid6: sse2x2   gen() 12218 MB/s
[    4.695799] raid6: sse2x2   xor()  7480 MB/s
[    4.751804] raid6: sse2x4   gen() 13491 MB/s
[    4.800389] raid6: sse2x4   xor()  7040 MB/s
[    4.802885] raid6: using algorithm sse2x4 gen() 13491 MB/s
[    4.804007] raid6: .... xor() 7040 MB/s, rmw enabled
[    4.805114] raid6: using ssse3x2 recovery algorithm
[    4.811117] xor: measuring software checksum speed
[    4.848340]    prefetch64-sse: 13205.000 MB/sec
[    4.888314]    generic_sse: 13121.000 MB/sec
[    4.889496] xor: using function: prefetch64-sse (13205.000 MB/sec)
[    4.895902] async_tx: api initialized (async)
done.
Begin: Running /scripts/init-premount ... done.
Begin: Mounting root file system ... Begin: Running /scripts/local-top ... done.
Begin: Running /scripts/local-premount ... [    4.961347] Btrfs loaded, crc32c=crc32c-intel
Scanning for Btrfs filesystems
done.
Warning: fsck not present, so skipping root file system
[    5.000985] EXT4-fs (sda1): mounted filesystem with ordered data mode. Opts: (null)
done.
Begin: Running /scripts/local-bottom ... done.
Begin: Running /scripts/init-bottom ... done.
[    5.241538] ip_tables: (C) 2000-2006 Netfilter Core Team
[    5.256963] systemd[1]: systemd 237 running in system mode. (+PAM +AUDIT +SELINUX +IMA +APPARMOR +SMACK +SYSVINIT +UTMP +LIBCRYPTSETUP +GCRYPT +GNUTLS +ACL +XZ +LZ4 +SECCOMP +BLKID +ELFUTILS +KMOD -IDN2 +IDN -PCRE2 default-hierarchy=hybrid)
[    5.261730] systemd[1]: Detected virtualization oracle.
[    5.263117] systemd[1]: Detected architecture x86-64.

Welcome to [1mUbuntu 18.04.6 LTS[0m!

[    5.270380] systemd[1]: Set hostname to <ubuntu-bionic>.
[    6.154502] random: systemd: uninitialized urandom read (16 bytes read)
[    6.155704] systemd[1]: Reached target Mounting snaps.
[[0;32m  OK  [0m] Reached target Mounting snaps.
[    6.157634] random: systemd: uninitialized urandom read (16 bytes read)
[    6.162861] systemd[1]: Created slice System Slice.
[[0;32m  OK  [0m] Created slice System Slice.
[    6.176513] random: systemd: uninitialized urandom read (16 bytes read)
[    6.178775] systemd[1]: Listening on Journal Socket (/dev/log).
[[0;32m  OK  [0m] Listening on Journal Socket (/dev/log).
[    6.180977] systemd[1]: Listening on LVM2 poll daemon socket.
[[0;32m  OK  [0m] Listening on LVM2 poll daemon socket.
[    6.182579] systemd[1]: Listening on LVM2 metadata daemon socket.
[[0;32m  OK  [0m] Listening on LVM2 metadata daemon socket.
[    6.184629] systemd[1]: Set up automount Arbitrary Executable File Formats File System Automount Point.
[[0;32m  OK  [0m] Set up automount Arbitrary Executabâ€¦rmats File System Automount Point.
[[0;32m  OK  [0m] Listening on fsck to fsckd communication Socket.
[[0;32m  OK  [0m] Reached target User and Group Name Lookups.
[[0;32m  OK  [0m] Listening on udev Control Socket.
[[0;32m  OK  [0m] Listening on Network Service Netlink Socket.
[[0;32m  OK  [0m] Listening on /dev/initctl Compatibility Named Pipe.
[[0;32m  OK  [0m] Reached target System Time Synchronized.
[[0;32m  OK  [0m] Listening on Device-mapper event daemon FIFOs.
[[0;32m  OK  [0m] Reached target Swap.
[[0;32m  OK  [0m] Created slice User and Session Slice.
[[0;32m  OK  [0m] Reached target Slices.
[[0;32m  OK  [0m] Created slice system-serial\x2dgetty.slice.
[[0;32m  OK  [0m] Listening on udev Kernel Socket.
[[0;32m  OK  [0m] Started Forward Password Requests to Wall Directory Watch.
[[0;32m  OK  [0m] Listening on Syslog Socket.
[[0;32m  OK  [0m] Listening on Journal Socket.
         Mounting Kernel Debug File System...
         Starting udev Coldplug all Devices...
         Starting Create list of required stâ€¦ce nodes for the current kernel...
         Starting File System Check on Root Device...
         Starting Uncomplicated firewall...
         Mounting POSIX Message Queue File System...
         Starting Set the console keyboard layout...
         Starting Load Kernel Modules...
         Mounting Huge Pages File System...
[    6.278419] Loading iSCSI transport class v2.0-870.
[    6.292171] iscsi: registered transport (tcp)
[[0;32m  OK  [0m] Listening on Journal Audit Socket.
         Starting Journal Service...
[[0;32m  OK  [0m] Reached target Mounted snaps.
         Starting Monitoring of LVM2 mirrorsâ€¦ng dmeventd or progress polling...
[[0;32m  OK  [0m] Mounted Kernel Debug File System.
[[0;32m  OK  [0m] Started Create list of required staâ€¦vice nodes for the current kernel.
[[0;32m  OK  [0m] Started Uncomplicated firewall.
[[0;32m  OK  [0m] Mounted POSIX Message Queue File System.
[[0;32m  OK  [0m] Mounted Huge Pages File System.
[[0;32m  OK  [0m] Started File System Check Daemon to report status.
         Starting Create Static Device Nodes in /dev...
[[0;32m  OK  [0m] Started File System Check on Root Device.
         Starting Remount Root and Kernel File Systems...
[[0;32m  OK  [0m] Started udev Coldplug all Devices.
[[0;32m  OK  [0m] Started LVM2 metadata daemon.
[[0;32m  OK  [0m] Started Create Static Device Nodes in /dev.
[    6.628385] EXT4-fs (sda1): re-mounted. Opts: (null)
[[0;32m  OK  [0m] Started Remount Root and Kernel File Systems.
         Starting Load/Save Random Seed...
         Starting udev Kernel Device Manager...
[[0;32m  OK  [0m] Started Load/Save Random Seed.
[    6.674039] iscsi: registered transport (iser)
[[0;32m  OK  [0m] Started Load Kernel Modules.
         Mounting FUSE Control File System...
         Starting Apply Kernel Variables...
         Mounting Kernel Configuration File System...
[[0;32m  OK  [0m] Mounted FUSE Control File System.
[[0;32m  OK  [0m] Mounted Kernel Configuration File System.
[[0;32m  OK  [0m] Started Journal Service.
         Starting Flush Journal to Persistent Storage...
[[0;32m  OK  [0m] Started Monitoring of LVM2 mirrors,â€¦sing dmeventd or progress polling.
[[0;32m  OK  [0m] Started Set the console keyboard layout.
[[0;32m  OK  [0m] Started udev Kernel Device Manager.
[[0;32m  OK  [0m] Reached target Local File Systems (Pre).
[[0;32m  OK  [0m] Reached target Local File Systems.
         Starting ebtables ruleset management...
         Starting Tell Plymouth To Write Out Runtime Data...
         Starting AppArmor initialization...
         Starting Set console font and keymap...
[[0;32m  OK  [0m] Started Dispatch Password Requests to Console Directory Watch.
[[0;32m  OK  [0m] Reached target Local Encrypted Volumes.
[[0;32m  OK  [0m] Started Tell Plymouth To Write Out Runtime Data.
[[0;32m  OK  [0m] Started Set console font and keymap.
[[0;32m  OK  [0m] Started Apply Kernel Variables.
[[0;32m  OK  [0m] Started ebtables ruleset management.
[[0;32m  OK  [0m] Started Flush Journal to Persistent Storage.
         Starting Create Volatile Files and Directories...
[[0;32m  OK  [0m] Started Create Volatile Files and Directories.
         Starting Update UTMP about System Boot/Shutdown...
[[0;32m  OK  [0m] Started Update UTMP about System Boot/Shutdown.
[[0;32m  OK  [0m] Found device /dev/ttyS0.
[[0;32m  OK  [0m] Started AppArmor initialization.
[[0;32m  OK  [0m] Listening on Load/Save RF Kill Switch Status /dev/rfkill Watch.
         Starting Initial cloud-init job (pre-networking)...
         Starting Load AppArmor profiles managed internally by snapd...
         Mounting Arbitrary Executable File Formats File System...
[[0;32m  OK  [0m] Mounted Arbitrary Executable File Formats File System.
[[0;32m  OK  [0m] Started Load AppArmor profiles managed internally by snapd.
[   10.553225] cloud-init[541]: Cloud-init v. 23.1.2-0ubuntu0~18.04.1 running 'init-local' at Thu, 05 Dec 2024 07:57:14 +0000. Up 10.27 seconds.
[[0;32m  OK  [0m] Started Initial cloud-init job (pre-networking).
[[0;32m  OK  [0m] Reached target Network (Pre).
         Starting Network Service...
[[0;32m  OK  [0m] Started Network Service.
         Starting Wait for Network to be Configured...
         Starting Network Name Resolution...
[[0;32m  OK  [0m] Started Network Name Resolution.
[[0;32m  OK  [0m] Reached target Host and Network Name Lookups.
[[0;32m  OK  [0m] Reached target Network.
[[0;32m  OK  [0m] Started Wait for Network to be Configured.
         Starting Initial cloud-init job (metadata service crawler)...
[   13.520932] cloud-init[681]: Cloud-init v. 23.1.2-0ubuntu0~18.04.1 running 'init' at Thu, 05 Dec 2024 07:57:17 +0000. Up 13.16 seconds.
[   13.527351] cloud-init[681]: ci-info: ++++++++++++++++++++++++++++++++++++++Net device info+++++++++++++++++++++++++++++++++++++++
[   13.531485] cloud-init[681]: ci-info: +--------+------+-----------------------------+---------------+--------+-------------------+
[   13.544865] cloud-init[681]: ci-info: | Device |  Up  |           Address           |      Mask     | Scope  |     Hw-Address    |
[   13.562205] cloud-init[681]: ci-info: +--------+------+-----------------------------+---------------+--------+-------------------+
[   13.585048] cloud-init[681]: ci-info: | enp0s3 | True |          10.0.2.15          | 255.255.255.0 | global | 02:3b:7b:b7:3b:2d |
[   13.595299] cloud-init[681]: ci-info: | enp0s3 | True |  fe80::3b:7bff:feb7:3b2d/64 |       .       |  link  | 02:3b:7b:b7:3b:2d |
[   13.601103] cloud-init[681]: ci-info: | enp0s8 | True |         192.168.56.3        | 255.255.255.0 | global | 08:00:27:92:f8:a9 |
[   13.602875] cloud-init[681]: ci-info: | enp0s8 | True | fe80::a00:27ff:fe92:f8a9/64 |       .       |  link  | 08:00:27:92:f8:a9 |
[   13.617753] cloud-init[681]: ci-info: |   lo   | True |          127.0.0.1          |   255.0.0.0   |  host  |         .         |
[   13.621426] cloud-init[681]: ci-info: |   lo   | True |           ::1/128           |       .       |  host  |         .         |
[   13.627439] cloud-init[681]: ci-info: +--------+------+-----------------------------+---------------+--------+-------------------+
[   13.634556] cloud-init[681]: ci-info: +++++++++++++++++++++++++++++Route IPv4 info+++++++++++++++++++++++++++++
[   13.638389] cloud-init[681]: ci-info: +-------+--------------+----------+-----------------+-----------+-------+
[   13.643681] cloud-init[681]: ci-info: | Route | Destination  | Gateway  |     Genmask     | Interface | Flags |
[   13.652120] cloud-init[681]: ci-info: +-------+--------------+----------+-----------------+-----------+-------+
[   13.657069] cloud-init[681]: ci-info: |   0   |   0.0.0.0    | 10.0.2.2 |     0.0.0.0     |   enp0s3  |   UG  |
[   13.661737] cloud-init[681]: ci-info: |   1   |   10.0.2.0   | 0.0.0.0  |  255.255.255.0  |   enp0s3  |   U   |
[   13.664740] cloud-init[681]: ci-info: |   2   |   10.0.2.2   | 0.0.0.0  | 255.255.255.255 |   enp0s3  |   UH  |
[   13.665612] cloud-init[681]: ci-info: |   3   | 192.168.56.0 | 0.0.0.0  |  255.255.255.0  |   enp0s8  |   U   |
[   13.666683] cloud-init[681]: ci-info: +-------+--------------+----------+-----------------+-----------+-------+
[   13.676371] cloud-init[681]: ci-info: +++++++++++++++++++Route IPv6 info+++++++++++++++++++
[   13.678899] cloud-init[681]: ci-info: +-------+-------------+---------+-----------+-------+
[   13.681223] cloud-init[681]: ci-info: | Route | Destination | Gateway | Interface | Flags |
[   13.683150] cloud-init[681]: ci-info: +-------+-------------+---------+-----------+-------+
[   13.685549] cloud-init[681]: ci-info: |   1   |  fe80::/64  |    ::   |   enp0s8  |   U   |
[   13.687525] cloud-init[681]: ci-info: |   2   |  fe80::/64  |    ::   |   enp0s3  |   U   |
[   13.689961] cloud-init[681]: ci-info: |   4   |    local    |    ::   |   enp0s3  |   U   |
[   13.692843] cloud-init[681]: ci-info: |   5   |    local    |    ::   |   enp0s8  |   U   |
[   13.695268] cloud-init[681]: ci-info: |   6   |   ff00::/8  |    ::   |   enp0s8  |   U   |
[   13.697542] cloud-init[681]: ci-info: |   7   |   ff00::/8  |    ::   |   enp0s3  |   U   |
[   13.699444] cloud-init[681]: ci-info: +-------+-------------+---------+-----------+-------+
[[0;32m  OK  [0m] Started Initial cloud-init job (metadata service crawler).
[[0;32m  OK  [0m] Reached target Cloud-config availability.
[[0;32m  OK  [0m] Reached target Network is Online.
         Starting Availability of block devices...
[[0;32m  OK  [0m] Reached target Remote File Systems (Pre).
         Mounting /vagrant...
[[0;32m  OK  [0m] Reached target System Initialization.
[[0;32m  OK  [0m] Listening on cloud-init hotplug hook socket.
[[0;32m  OK  [0m] Started Message of the Day.
[[0;32m  OK  [0m] Listening on Open-iSCSI iscsid Socket.
[[0;32m  OK  [0m] Listening on ACPID Listen Socket.
[[0;32m  OK  [0m] Started Daily Cleanup of Temporary Directories.
[[0;32m  OK  [0m] Started ACPI Events Check.
[[0;32m  OK  [0m] Reached target Paths.
         Starting Socket activation for snappy daemon.
[[0;32m  OK  [0m] Started Discard unused blocks once a week.
[[0;32m  OK  [0m] Started Ubuntu Advantage Timer for running repeated jobs.
[[0;32m  OK  [0m] Listening on UUID daemon activation socket.
[[0;32m  OK  [0m] Started Daily apt download activities.
[[0;32m  OK  [0m] Started Daily apt upgrade and clean activities.
[[0;32m  OK  [0m] Reached target Timers.
[[0;32m  OK  [0m] Listening on D-Bus System Message Bus Socket.
         Starting LXD - unix socket.
[[0;32m  OK  [0m] Started Availability of block devices.
[[0;32m  OK  [0m] Mounted /vagrant.
[[0;32m  OK  [0m] Listening on Socket activation for snappy daemon.
[[0;32m  OK  [0m] Listening on LXD - unix socket.
[[0;32m  OK  [0m] Reached target Sockets.
[[0;32m  OK  [0m] Reached target Basic System.
[[0;32m  OK  [0m] Started Regular background program processing daemon.
         Starting Virtualbox guest utils...
         Starting LXD - container startup/shutdown...
         Starting Accounts Service...
[[0;32m  OK  [0m] Started irqbalance daemon.
[[0;32m  OK  [0m] Started D-Bus System Message Bus.
         Starting System Logging Service...
[[0;32m  OK  [0m] Started FUSE filesystem for LXC.
[[0;32m  OK  [0m] Reached target Login Prompts (Pre).
[[0;32m  OK  [0m] Started Deferred execution scheduler.
         Starting LSB: Record successful boot for GRUB...
         Starting OpenBSD Secure Shell server...
         Starting Login Service...
         Starting Dispatcher daemon for systemd-networkd...
         Starting Snap Daemon...
[[0;32m  OK  [0m] Reached target Remote File Systems.
         Starting LSB: automatic crash report generation...
         Starting Permit User Sessions...
[[0;32m  OK  [0m] Started System Logging Service.
         Starting Authorization Manager...
[[0;32m  OK  [0m] Started Login Service.
[[0;32m  OK  [0m] Started Unattended Upgrades Shutdown.
[[0;32m  OK  [0m] Started Permit User Sessions.
         Starting Terminate Plymouth Boot Screen...
         Starting Hold until boot process finishes up...
[[0;32m  OK  [0m] Started Terminate Plymouth Boot Screen.
[[0;32m  OK  [0m] Started Hold until boot process finishes up.
         Starting Set console scheme...
[[0;32m  OK  [0m] Started Serial Getty on ttyS0.
[[0;32m  OK  [0m] Started OpenBSD Secure Shell server.
[[0;32m  OK  [0m] Started Set console scheme.
[[0;32m  OK  [0m] Created slice system-getty.slice.
[[0;32m  OK  [0m] Started Getty on tty1.
[[0;32m  OK  [0m] Reached target Login Prompts.
[[0;32m  OK  [0m] Started Authorization Manager.
[[0;32m  OK  [0m] Started Accounts Service.
[[0;32m  OK  [0m] Started LSB: automatic crash report generation.
[[0;32m  OK  [0m] Started LSB: Record successful boot for GRUB.
[[0;32m  OK  [0m] Started Virtualbox guest utils.
[[0;32m  OK  [0m] Started LXD - container startup/shutdown.
[[0;32m  OK  [0m] Created slice User Slice of vagrant.
         Starting User Manager for UID 1000...
[[0;32m  OK  [0m] Started Session 1 of user vagrant.
[[0;32m  OK  [0m] Started Dispatcher daemon for systemd-networkd.
[[0;32m  OK  [0m] Started User Manager for UID 1000.
[[0;32m  OK  [0m] Started Snap Daemon.
         Starting Wait until snapd is fully seeded...
         Starting Time & Date Service...
[[0;32m  OK  [0m] Started Time & Date Service.
[[0;32m  OK  [0m] Started Wait until snapd is fully seeded.
         Starting Apply the settings specified in cloud-config...
[   17.485441] cloud-init[1182]: Cloud-init v. 23.1.2-0ubuntu0~18.04.1 running 'modules:config' at Thu, 05 Dec 2024 07:57:21 +0000. Up 17.33 seconds.
[[0;32m  OK  [0m] Started Apply the settings specified in cloud-config.
[[0;32m  OK  [0m] Reached target Multi-User System.
[[0;32m  OK  [0m] Reached target Graphical Interface.
         Starting Execute cloud user/final scripts...
         Starting Update UTMP about System Runlevel Changes...
[[0;32m  OK  [0m] Started Update UTMP about System Runlevel Changes.
[   18.432605] cloud-init[1281]: Cloud-init v. 23.1.2-0ubuntu0~18.04.1 running 'modules:final' at Thu, 05 Dec 2024 07:57:22 +0000. Up 18.21 seconds.
[   18.441723] cloud-init[1281]: Cloud-init v. 23.1.2-0ubuntu0~18.04.1 finished at Thu, 05 Dec 2024 07:57:22 +0000. Datasource DataSourceNoCloud [seed=/dev/sdb][dsmode=net].  Up 18.41 seconds
[[0;32m  OK  [0m] Started Execute cloud user/final scripts.
[[0;32m  OK  [0m] Reached target Cloud-init target.

Ubuntu 18.04.6 LTS ubuntu-bionic ttyS0

ubuntu-bionic login: 